

================================================================
== Vivado HLS Report for 'merlin_memcpy_1_0_0'
================================================================
* Date:           Thu Dec 12 01:07:41 2019

* Version:        2019.1.op (Build 2552052 on Fri May 24 15:28:33 MDT 2019)
* Project:        gcnconv_kernel
* Solution:       solution
* Product family: virtexuplus
* Target device:  xcvu9p-flgb2104-2-i


================================================================
== Performance Estimates
================================================================
+ Timing (ns): 
    * Summary: 
    +--------+-------+----------+------------+
    |  Clock | Target| Estimated| Uncertainty|
    +--------+-------+----------+------------+
    |ap_clk  |   4.00|     2.920|        1.08|
    +--------+-------+----------+------------+

+ Latency (clock cycles): 
    * Summary: 
    +---------+---------+---------+---------+---------+
    |      Latency      |      Interval     | Pipeline|
    |   min   |   max   |   min   |   max   |   Type  |
    +---------+---------+---------+---------+---------+
    |  1921232|  1921232|  1921232|  1921232|   none  |
    +---------+---------+---------+---------+---------+

    + Detail: 
        * Instance: 
        N/A

        * Loop: 
        +------------+---------+---------+----------+-----------+-----------+--------+----------+
        |            |      Latency      | Iteration|  Initiation Interval  |  Trip  |          |
        |  Loop Name |   min   |   max   |  Latency |  achieved |   target  |  Count | Pipelined|
        +------------+---------+---------+----------+-----------+-----------+--------+----------+
        |- merlinL1  |  1921230|  1921230|        16|         15|          1|  128082|    yes   |
        +------------+---------+---------+----------+-----------+-----------+--------+----------+



================================================================
== Utilization Estimates
================================================================
* Summary: 
+---------------------+---------+-------+---------+---------+-----+
|         Name        | BRAM_18K| DSP48E|    FF   |   LUT   | URAM|
+---------------------+---------+-------+---------+---------+-----+
|DSP                  |        -|      -|        -|        -|    -|
|Expression           |        -|      -|        0|     6108|    -|
|FIFO                 |        -|      -|        -|        -|    -|
|Instance             |        -|      -|        -|        -|    -|
|Memory               |        -|      -|        -|        -|    -|
|Multiplexer          |        -|      -|        -|      161|    -|
|Register             |        -|      -|     1232|        -|    -|
+---------------------+---------+-------+---------+---------+-----+
|Total                |        0|      0|     1232|     6269|    0|
+---------------------+---------+-------+---------+---------+-----+
|Available SLR        |     1440|   2280|   788160|   394080|  320|
+---------------------+---------+-------+---------+---------+-----+
|Utilization SLR (%)  |        0|      0|    ~0   |        1|    0|
+---------------------+---------+-------+---------+---------+-----+
|Available            |     4320|   6840|  2364480|  1182240|  960|
+---------------------+---------+-------+---------+---------+-----+
|Utilization (%)      |        0|      0|    ~0   |    ~0   |    0|
+---------------------+---------+-------+---------+---------+-----+

+ Detail: 
    * Instance: 
    N/A

    * DSP48E: 
    N/A

    * Memory: 
    N/A

    * FIFO: 
    N/A

    * Expression: 
    +-----------------------------------+----------+-------+---+------+------------+------------+
    |           Variable Name           | Operation| DSP48E| FF|  LUT | Bitwidth P0| Bitwidth P1|
    +-----------------------------------+----------+-------+---+------+------------+------------+
    |add_ln55_1_fu_158_p2               |     +    |      0|  0|    17|          15|          17|
    |add_ln55_2_fu_184_p2               |     +    |      0|  0|    18|          18|          18|
    |add_ln55_3_fu_218_p2               |     +    |      0|  0|    59|          59|          59|
    |add_ln55_fu_195_p2                 |     +    |      0|  0|    18|          17|          18|
    |i_fu_142_p2                        |     +    |      0|  0|    17|          17|           1|
    |and_ln55_fu_261_p2                 |    and   |      0|  0|   511|         512|         512|
    |ap_block_pp0_stage0_11001          |    and   |      0|  0|     2|           1|           1|
    |ap_block_pp0_stage10_11001         |    and   |      0|  0|     2|           1|           1|
    |ap_block_pp0_stage1_11001          |    and   |      0|  0|     2|           1|           1|
    |ap_block_pp0_stage8_11001          |    and   |      0|  0|     2|           1|           1|
    |ap_block_pp0_stage9_11001          |    and   |      0|  0|     2|           1|           1|
    |ap_block_state10_pp0_stage8_iter0  |    and   |      0|  0|     2|           1|           1|
    |ap_block_state11_io                |    and   |      0|  0|     2|           1|           1|
    |ap_block_state12_io                |    and   |      0|  0|     2|           1|           1|
    |ap_block_state17_pp0_stage0_iter1  |    and   |      0|  0|     2|           1|           1|
    |ap_block_state3_io                 |    and   |      0|  0|     2|           1|           1|
    |ap_ext_blocking_cur_n              |    and   |      0|  0|     2|           1|           1|
    |ap_ext_blocking_n                  |    and   |      0|  0|     2|           1|           2|
    |ap_int_blocking_n                  |    and   |      0|  0|     2|           2|           2|
    |ap_str_blocking_n                  |    and   |      0|  0|     2|           2|           2|
    |icmp_ln50_fu_136_p2                |   icmp   |      0|  0|    20|          17|          13|
    |icmp_ln55_fu_152_p2                |   icmp   |      0|  0|    20|          17|          16|
    |or_ln55_fu_275_p2                  |    or    |      0|  0|   511|         512|         512|
    |select_ln55_1_fu_176_p3            |  select  |      0|  0|    17|           1|           1|
    |select_ln55_fu_164_p3              |  select  |      0|  0|    17|           1|          17|
    |shl_ln55_1_fu_269_p2               |    shl   |      0|  0|  2171|         512|         512|
    |shl_ln55_fu_249_p2                 |    shl   |      0|  0|  2171|          32|         512|
    |ap_enable_pp0                      |    xor   |      0|  0|     2|           1|           2|
    |xor_ln55_fu_255_p2                 |    xor   |      0|  0|   511|         512|           2|
    +-----------------------------------+----------+-------+---+------+------------+------------+
    |Total                              |          |      0|  0|  6108|        2259|        2229|
    +-----------------------------------+----------+-------+---+------+------------+------------+

    * Multiplexer: 
    +------------------------------+----+-----------+-----+-----------+
    |             Name             | LUT| Input Size| Bits| Total Bits|
    +------------------------------+----+-----------+-----+-----------+
    |ap_NS_fsm                     |  89|         18|    1|         18|
    |ap_enable_reg_pp0_iter1       |   9|          2|    1|          2|
    |ap_phi_mux_i_0_phi_fu_129_p4  |   9|          2|   17|         34|
    |dst_blk_n_AR                  |   9|          2|    1|          2|
    |dst_blk_n_AW                  |   9|          2|    1|          2|
    |dst_blk_n_B                   |   9|          2|    1|          2|
    |dst_blk_n_R                   |   9|          2|    1|          2|
    |dst_blk_n_W                   |   9|          2|    1|          2|
    |i_0_reg_125                   |   9|          2|   17|         34|
    +------------------------------+----+-----------+-----+-----------+
    |Total                         | 161|         34|   41|         98|
    +------------------------------+----+-----------+-----+-----------+

    * Register: 
    +-------------------------+-----+----+-----+-----------+
    |           Name          |  FF | LUT| Bits| Const Bits|
    +-------------------------+-----+----+-----+-----------+
    |add_ln55_3_reg_300       |   59|   0|   59|          0|
    |ap_CS_fsm                |   17|   0|   17|          0|
    |ap_enable_reg_pp0_iter0  |    1|   0|    1|          0|
    |ap_enable_reg_pp0_iter1  |    1|   0|    1|          0|
    |dst_addr_read_reg_322    |  512|   0|  512|          0|
    |dst_addr_reg_315         |   59|   0|   64|          5|
    |empty_reg_305            |    4|   0|    4|          0|
    |i_0_reg_125              |   17|   0|   17|          0|
    |i_reg_290                |   17|   0|   17|          0|
    |icmp_ln50_reg_286        |    1|   0|    1|          0|
    |or_ln55_reg_327          |  512|   0|  512|          0|
    |src_load_reg_310         |   32|   0|   32|          0|
    +-------------------------+-----+----+-----+-----------+
    |Total                    | 1232|   0| 1237|          5|
    +-------------------------+-----+----+-----+-----------+



================================================================
== Interface
================================================================
* Summary: 
+--------------------+-----+-----+------------+---------------------+--------------+
|      RTL Ports     | Dir | Bits|  Protocol  |    Source Object    |    C Type    |
+--------------------+-----+-----+------------+---------------------+--------------+
|ap_clk              |  in |    1| ap_ctrl_hs | merlin_memcpy_1.0.0 | return value |
|ap_rst              |  in |    1| ap_ctrl_hs | merlin_memcpy_1.0.0 | return value |
|ap_start            |  in |    1| ap_ctrl_hs | merlin_memcpy_1.0.0 | return value |
|ap_done             | out |    1| ap_ctrl_hs | merlin_memcpy_1.0.0 | return value |
|ap_idle             | out |    1| ap_ctrl_hs | merlin_memcpy_1.0.0 | return value |
|ap_ready            | out |    1| ap_ctrl_hs | merlin_memcpy_1.0.0 | return value |
|ap_ext_blocking_n   | out |    1| ap_ctrl_hs | merlin_memcpy_1.0.0 | return value |
|ap_str_blocking_n   | out |    1| ap_ctrl_hs | merlin_memcpy_1.0.0 | return value |
|ap_int_blocking_n   | out |    1| ap_ctrl_hs | merlin_memcpy_1.0.0 | return value |
|m_axi_dst_AWVALID   | out |    1|    m_axi   |         dst         |    pointer   |
|m_axi_dst_AWREADY   |  in |    1|    m_axi   |         dst         |    pointer   |
|m_axi_dst_AWADDR    | out |   64|    m_axi   |         dst         |    pointer   |
|m_axi_dst_AWID      | out |    1|    m_axi   |         dst         |    pointer   |
|m_axi_dst_AWLEN     | out |   32|    m_axi   |         dst         |    pointer   |
|m_axi_dst_AWSIZE    | out |    3|    m_axi   |         dst         |    pointer   |
|m_axi_dst_AWBURST   | out |    2|    m_axi   |         dst         |    pointer   |
|m_axi_dst_AWLOCK    | out |    2|    m_axi   |         dst         |    pointer   |
|m_axi_dst_AWCACHE   | out |    4|    m_axi   |         dst         |    pointer   |
|m_axi_dst_AWPROT    | out |    3|    m_axi   |         dst         |    pointer   |
|m_axi_dst_AWQOS     | out |    4|    m_axi   |         dst         |    pointer   |
|m_axi_dst_AWREGION  | out |    4|    m_axi   |         dst         |    pointer   |
|m_axi_dst_AWUSER    | out |    1|    m_axi   |         dst         |    pointer   |
|m_axi_dst_WVALID    | out |    1|    m_axi   |         dst         |    pointer   |
|m_axi_dst_WREADY    |  in |    1|    m_axi   |         dst         |    pointer   |
|m_axi_dst_WDATA     | out |  512|    m_axi   |         dst         |    pointer   |
|m_axi_dst_WSTRB     | out |   64|    m_axi   |         dst         |    pointer   |
|m_axi_dst_WLAST     | out |    1|    m_axi   |         dst         |    pointer   |
|m_axi_dst_WID       | out |    1|    m_axi   |         dst         |    pointer   |
|m_axi_dst_WUSER     | out |    1|    m_axi   |         dst         |    pointer   |
|m_axi_dst_ARVALID   | out |    1|    m_axi   |         dst         |    pointer   |
|m_axi_dst_ARREADY   |  in |    1|    m_axi   |         dst         |    pointer   |
|m_axi_dst_ARADDR    | out |   64|    m_axi   |         dst         |    pointer   |
|m_axi_dst_ARID      | out |    1|    m_axi   |         dst         |    pointer   |
|m_axi_dst_ARLEN     | out |   32|    m_axi   |         dst         |    pointer   |
|m_axi_dst_ARSIZE    | out |    3|    m_axi   |         dst         |    pointer   |
|m_axi_dst_ARBURST   | out |    2|    m_axi   |         dst         |    pointer   |
|m_axi_dst_ARLOCK    | out |    2|    m_axi   |         dst         |    pointer   |
|m_axi_dst_ARCACHE   | out |    4|    m_axi   |         dst         |    pointer   |
|m_axi_dst_ARPROT    | out |    3|    m_axi   |         dst         |    pointer   |
|m_axi_dst_ARQOS     | out |    4|    m_axi   |         dst         |    pointer   |
|m_axi_dst_ARREGION  | out |    4|    m_axi   |         dst         |    pointer   |
|m_axi_dst_ARUSER    | out |    1|    m_axi   |         dst         |    pointer   |
|m_axi_dst_RVALID    |  in |    1|    m_axi   |         dst         |    pointer   |
|m_axi_dst_RREADY    | out |    1|    m_axi   |         dst         |    pointer   |
|m_axi_dst_RDATA     |  in |  512|    m_axi   |         dst         |    pointer   |
|m_axi_dst_RLAST     |  in |    1|    m_axi   |         dst         |    pointer   |
|m_axi_dst_RID       |  in |    1|    m_axi   |         dst         |    pointer   |
|m_axi_dst_RUSER     |  in |    1|    m_axi   |         dst         |    pointer   |
|m_axi_dst_RRESP     |  in |    2|    m_axi   |         dst         |    pointer   |
|m_axi_dst_BVALID    |  in |    1|    m_axi   |         dst         |    pointer   |
|m_axi_dst_BREADY    | out |    1|    m_axi   |         dst         |    pointer   |
|m_axi_dst_BRESP     |  in |    2|    m_axi   |         dst         |    pointer   |
|m_axi_dst_BID       |  in |    1|    m_axi   |         dst         |    pointer   |
|m_axi_dst_BUSER     |  in |    1|    m_axi   |         dst         |    pointer   |
|dst_offset          |  in |   58|   ap_none  |      dst_offset     |    scalar    |
|src_address0        | out |   18|  ap_memory |         src         |     array    |
|src_ce0             | out |    1|  ap_memory |         src         |     array    |
|src_q0              |  in |   32|  ap_memory |         src         |     array    |
+--------------------+-----+-----+------------+---------------------+--------------+

